---
source: blockbook/tests/integration.rs
expression: tickers_list
---
{
  "ts": "[REDACTED]",
  "available_currencies": [
    "aed",
    "ars",
    "aud",
    "bdt",
    "bhd",
    "bmd",
    "brl",
    "btc",
    "cad",
    "chf",
    "clp",
    "cny",
    "czk",
    "dkk",
    "eth",
    "eur",
    "gbp",
    "hkd",
    "huf",
    "idr",
    "ils",
    "inr",
    "jpy",
    "krw",
    "kwd",
    "lkr",
    "mmk",
    "mxn",
    "myr",
    "ngn",
    "nok",
    "nzd",
    "php",
    "pkr",
    "pln",
    "rub",
    "sar",
    "sek",
    "sgd",
    "thb",
    "try",
    "twd",
    "uah",
    "usd",
    "vef",
    "vnd",
    "zar"
  ]
}
