---
source: blockbook/tests/integration.rs
expression: xpub_info
---
{
  "page": 1,
  "totalPages": 1,
  "itemsOnPage": 1000,
  "address": "zpub6qd36EtRVbyDyJToANn1vnuvhGenvepKnjeUzBXDk7JE4JYBxGUAPbjh22QqZ7JkRGuAtpgBfgKP1iT9GzgQxP1TgKPEBoN3e3vN3WtY2Su",
  "balance": "821",
  "totalReceived": "821",
  "totalSent": "0",
  "unconfirmedBalance": "0",
  "unconfirmedTxs": 0,
  "txs": 1,
  "addrTxCount": 1,
  "usedTokens": 1,
  "secondaryValue": null,
  "tokens": [
    {
      "type": "XPUBAddress",
      "name": "bc1q5au2nmza9pmplnvgzyd4ky7egu2wya56qa024u",
      "path": "m/84'/0'/0'/0/0",
      "transfers": 1,
      "decimals": 8,
      "balance": "821",
      "totalReceived": "821",
      "totalSent": "0"
    }
  ],
  "txids": [
    "d60691ecdf678eb3f88ebfaf315d3907d0be62ccd40fd1f027938249966f268d"
  ],
  "transactions": null
}
